<p data-server-rendered="true"><svg aria-hidden="true" role="img" xmlns="http://www.w3.org/2000/svg" viewBox="0 0 0 0" style="height:1em;overflow:visible;vertical-align:-.125em;display:none;"><g transform="translate(256 256)"><g transform=""><path fill="currentColor" d="" transform="translate(-256 -256)"></path></g></g></svg></p>
